AR instructionmemory arqinstructionmemory "C:/Users/CBAS/Desktop/UTP/Laboratorio de electronica/EJERCICIOS/XILINX PROYECTOS 20152 NOVIEMBRE 07/ProcesadorMonociclo/IM.vhd" sub00/vhpl05 1475378211
AR npc behavioral "C:/Users/CBAS/Desktop/UTP/Laboratorio de electronica/EJERCICIOS/XILINX PROYECTOS 20152 NOVIEMBRE 07/ProcesadorMonociclo/nPC.vhd" sub00/vhpl01 1475377014
EN pc NULL "C:/Users/CBAS/Desktop/UTP/Laboratorio de electronica/EJERCICIOS/XILINX PROYECTOS 20152 NOVIEMBRE 07/ProcesadorMonociclo/PC.vhd" sub00/vhpl02 1475378212
EN instructionmemory NULL "C:/Users/CBAS/Desktop/UTP/Laboratorio de electronica/EJERCICIOS/XILINX PROYECTOS 20152 NOVIEMBRE 07/ProcesadorMonociclo/IM.vhd" sub00/vhpl04 1475378210
EN npc NULL "C:/Users/CBAS/Desktop/UTP/Laboratorio de electronica/EJERCICIOS/XILINX PROYECTOS 20152 NOVIEMBRE 07/ProcesadorMonociclo/nPC.vhd" sub00/vhpl00 1475377013
AR pc behavioral "C:/Users/CBAS/Desktop/UTP/Laboratorio de electronica/EJERCICIOS/XILINX PROYECTOS 20152 NOVIEMBRE 07/ProcesadorMonociclo/PC.vhd" sub00/vhpl03 1475378213
