AR instructionmemory arqinstructionmemory "C:/Users/CBAS/Desktop/UTP/Laboratorio de electronica/EJERCICIOS/XILINX PROYECTOS 20152 NOVIEMBRE 07/ProcesadorMonociclo/IM.vhd" sub00/vhpl05 1476068382
AR npc behavioral "C:/Users/CBAS/Desktop/UTP/Laboratorio de electronica/EJERCICIOS/XILINX PROYECTOS 20152 NOVIEMBRE 07/ProcesadorMonociclo/nPC.vhd" sub00/vhpl01 1476068370
EN pc NULL "C:/Users/CBAS/Desktop/UTP/Laboratorio de electronica/EJERCICIOS/XILINX PROYECTOS 20152 NOVIEMBRE 07/ProcesadorMonociclo/PC.vhd" sub00/vhpl02 1476070186
EN rf NULL "C:/Users/CBAS/Desktop/UTP/Laboratorio de electronica/EJERCICIOS/XILINX PROYECTOS 20152 NOVIEMBRE 07/ProcesadorMonociclo/RF.vhd" sub00/vhpl06 1476070155
EN uc NULL "C:/Users/CBAS/Desktop/UTP/Laboratorio de electronica/EJERCICIOS/XILINX PROYECTOS 20152 NOVIEMBRE 07/ProcesadorMonociclo/UC.vhd" sub00/vhpl07 1476158717
EN instructionmemory NULL "C:/Users/CBAS/Desktop/UTP/Laboratorio de electronica/EJERCICIOS/XILINX PROYECTOS 20152 NOVIEMBRE 07/ProcesadorMonociclo/IM.vhd" sub00/vhpl04 1476068381
EN npc NULL "C:/Users/CBAS/Desktop/UTP/Laboratorio de electronica/EJERCICIOS/XILINX PROYECTOS 20152 NOVIEMBRE 07/ProcesadorMonociclo/nPC.vhd" sub00/vhpl00 1476068369
AR pc behavioral "C:/Users/CBAS/Desktop/UTP/Laboratorio de electronica/EJERCICIOS/XILINX PROYECTOS 20152 NOVIEMBRE 07/ProcesadorMonociclo/PC.vhd" sub00/vhpl03 1476070187
EN alu NULL "C:/Users/CBAS/Desktop/UTP/Laboratorio de electronica/EJERCICIOS/XILINX PROYECTOS 20152 NOVIEMBRE 07/ProcesadorMonociclo/ALU.vhd" sub00/vhpl08 1476159247
